ISIS-II OBJECT LOCATER V3.0 INVOKED BY:
-:F1:LOCATE ISIS.REL TO ISIS PRINT(ISIS.MAP) SYMBOLS PUBLICS CODE(0) NAME(ISIS) STACKSIZE(0) MEMORY(3000H)

SYMBOL TABLE OF MODULE ISIS
READ FROM FILE :F0:ISIS.REL
WRITTEN TO FILE :F0:ISIS

VALUE TYPE SYMBOL

F803H PUB  CI
F809H PUB  CO
F812H PUB  CSTS
F815H PUB  IOCHK
F818H PUB  IOSET
F80FH PUB  LO
F80CH PUB  PO
F806H PUB  RI
0048H PUB  ISISE
0080H PUB  JMPTO
0054H PUB  REBOOT
000BH PUB  TRAP0B
0044H PUB  USRSP
0046H PUB  USTATP
000EH PUB  VEC0E
02A7H PUB  AWINDO
0347H PUB  GASLOT
037EH PUB  ATTRIB
03F9H PUB  CLOSE
0567H PUB  CONSOL
061BH PUB  WHOCON
065DH PUB  DLOKPN
066DH PUB  DEL
072FH PUB  DELETE
0971H PUB  ABSIO
09A4H PUB  ABSRD
09BDH PUB  ABSWR
07DCH PUB  DISKIO
07A0H PUB  DKCFTB
07C8H PUB  DKCONT
07BEH PUB  DKCTTB
07AAH PUB  RDYMSK
07CAH PUB  SECTOR
07C9H PUB  TRACK
07B4H PUB  UNITMP
0B4BH PUB  ABORTX
0A60H PUB  ERR
0B51H PUB  WARN
0B57H PUB  CLSALL
0B79H PUB  EXIT
0BABH PUB  GETATT
0BB8H PUB  LOAD
0E7DH PUB  OPEN
1214H PUB  PATH
1422H PUB  XPATH
144BH PUB  UNPATH
151FH PUB  CKWRIP
152FH PUB  WDIREN
1566H PUB  CKPNDF
158DH PUB  RENAME
15E4H PUB  RESCAN
168AH PUB  CHKEOF
16B2H PUB  ADJUSTEOF
1A3CH PUB  READ
1AF0H PUB  WRITE
1BDDH PUB  LINED
1EDCH PUB  SAVEDATABLK
1EFBH PUB  SAVEPOINTERBLOCK
1F21H PUB  REWIND
1F64H PUB  SEEK
22A9H PUB  MAPWRI
22C9H PUB  MAPREAD
2342H PUB  GETBLK
244FH PUB  FREEBLOCK
24E9H PUB  CLRBUF
2511H PUB  RETURNBUF
252CH PUB  GETBUF
2570H PUB  PACKAFTBUF
2698H PUB  SYSUSR
267DH PUB  USRSYS
26BBH PUB  DIRCLOSE
26DEH PUB  DLOOK
27BBH PUB  DKSTAT
27FBH PUB  RBYTE
27DEH PUB  RTYPE
281CH PUB  STRTIO
28FDH PUB  TRAP
2903H PUB  DNUM
2905H PUB  FNDDIR
2972H PUB  MEMCK
2978H PUB  @P0011
297AH PUB  @P0012
297DH PUB  @P0013
2985H PUB  @P0014
2986H PUB  @P0015
2989H PUB  @P0016
298AH PUB  @P0017
2992H PUB  @P0018
2995H PUB  @P0019
299CH PUB  @P0025
299DH PUB  @P0026
29A0H PUB  @P0027
29A1H PUB  @P0028
29A9H PUB  @P0029
29ABH PUB  @P0030
29C8H PUB  @P0034
29CAH PUB  @P0035
29DCH PUB  @P0048
29DFH PUB  @P0049
29E6H PUB  @P0052
29E8H PUB  @P0053
29EBH PUB  @P0054
29F3H PUB  @P0071
29F4H PUB  @P0072
29FAH PUB  @P0086
29FDH PUB  @P0087
29FEH PUB  @P0088
2A04H PUB  @P0091
2A07H PUB  @P0092
2A08H PUB  @P0093
2A14H PUB  @P0094
2A17H PUB  @P0095
2A1EH PUB  @P0096
2A21H PUB  @P0097
2A28H PUB  @P0098
2A2AH PUB  @P0099
2A2DH PUB  @P0100
2A35H PUB  @P0101
2A38H PUB  @P0102
2A40H PUB  @P0103
2A43H PUB  @P0104
2AC6H PUB  POINTERBASE
2AC8H PUB  DATUMBASE
2ACAH PUB  AEMTYP
2ACCH PUB  ADEVP
2ACEH PUB  AACESP
2AD0H PUB  AEDITP
2AD2H PUB  ALBUFP
2AD4H PUB  ADBUFP
2AD6H PUB  ADATAPTRP
2AD8H PUB  AINOP
2ADAH PUB  APBUFP
2ADCH PUB  APTRPTRP
2ADEH PUB  AEOPP
2AE0H PUB  APTRCHANGEP
2AE2H PUB  ADATACHANGEP
2AE4H PUB  ABCNTP
2AE6H PUB  ABLKSEQNOP
2AE8H PUB  APTRBLKP
2AEAH PUB  AHBLKP
2AECH PUB  ADATABLKP
2AEEH PUB  ADBUFREADP
2AF0H PUB  AFT
2CF9H PUB  CURCONSOLIN
2D05H PUB  CURCONSOLOUT
2D1CH PUB  COLDCIDEV
2D1DH PUB  ALTCIDEV
2D32H PUB  CDKSAT
2D30H PUB  DTOGLE
2D5EH PUB  ERRDRV
2D31H PUB  GBLSEV
2D6FH PUB  CLI
2D9EH PUB  PN
2DAAH PUB  PN2
2DDCH PUB  ADPDIF
2DDDH PUB  DATAPP
2E1FH PUB  TRACKSTABLE
2E29H PUB  SECTORSTABLE
2EB3H PUB  CURRENTBITMAP
2ED3H PUB  BUFFERTABLE
2EF6H PUB  FNDFRE
2EF7H PUB  INOPTR
2EF9H PUB  DIRPTR
2EFBH PUB  DIRECT
2F0BH PUB  DIRINO
      MOD  REBOOT
000AH SYM  AFTBTM
F803H SYM  CI
F809H SYM  CO
F812H SYM  CSTS
F815H SYM  IOCHK
F818H SYM  IOSET
F80FH SYM  LO
F80CH SYM  PO
F806H SYM  RI
0282H SYM  AFTCHK
0049H SYM  BOOTLD
01CEH SYM  CATTRI
0130H SYM  CCLOSE
01BCH SYM  CCONSO
014CH SYM  CDELET
01E7H SYM  CERROR
01C5H SYM  CEXIT
023CH SYM  CGETAT
01A8H SYM  CLOAD
0149H SYM  CLOSE1
025BH SYM  CMDJMP
0113H SYM  COPEN
0155H SYM  CREAD
01B3H SYM  CRENAM
01D6H SYM  CRESCA
0193H SYM  CSEEK
01FBH SYM  CSPATH
0245H SYM  CUNKWN
01F2H SYM  CWHOCO
0183H SYM  CWRITE
0085H SYM  ISIS
0090H SYM  ISIS1
00ADH SYM  ISIS2
00B4H SYM  ISIS3
00BBH SYM  ISIS4
0040H SYM  ISIS40
00E2H SYM  ISIS5
0048H SYM  ISISE
0080H SYM  JMPTO
00CAH SYM  PCHECK
00E1H SYM  POK
017DH SYM  READ1
0180H SYM  READ2
0054H SYM  REBOOT
0050H SYM  RESTRT
027DH SYM  RETUSR
0008H SYM  RST1
0217H SYM  SPATH1
0234H SYM  SPATH2
0239H SYM  SPATH3
000BH SYM  TRAP0B
0044H SYM  USRSP
0046H SYM  USTATP
000EH SYM  VEC0E
2AB1H SYM  B2AB1
2A96H SYM  PARAM
2AA0H SYM  PTYPES
2A84H SYM  SYSSTK
2A94H SYM  USRSTK
      MOD  AFT
3000H SYM  MEMORY
2AC5H SYM  AFTCURRENT
2AC6H SYM  POINTERBASE
2AC8H SYM  DATUMBASE
2ACAH SYM  AEMTYP
2ACCH SYM  ADEVP
2ACEH SYM  AACESP
2AD0H SYM  AEDITP
2AD2H SYM  ALBUFP
2AD4H SYM  ADBUFP
2AD6H SYM  ADATAPTRP
2AD8H SYM  AINOP
2ADAH SYM  APBUFP
2ADCH SYM  APTRPTRP
2ADEH SYM  AEOPP
2AE0H SYM  APTRCHANGEP
2AE2H SYM  ADATACHANGEP
2AE4H SYM  ABCNTP
2AE6H SYM  ABLKSEQNOP
2AE8H SYM  APTRBLKP
2AEAH SYM  AHBLKP
2AECH SYM  ADATABLKP
2AEEH SYM  ADBUFREADP
2AF0H SYM  AFT
02A7H SYM  AWINDO
2CE8H SYM  SLOTNUMBER
0347H SYM  GASLOT
2CE9H SYM  I
      MOD  ATTRIB
3000H SYM  MEMORY
037EH SYM  ATTRIB
2CEAH SYM  FILEPTR
2CECH SYM  SWID
2CEEH SYM  VALUE
037AH SYM  MASK
      MOD  CLOSE
3000H SYM  MEMORY
03DBH SYM  CASEMAP
2CEFH SYM  TBLK
2CF1H SYM  TEOF
2CF2H SYM  ZERO
2CF4H SYM  BYTES
03F9H SYM  CLOSE
2CF6H SYM  AFTN
2CF7H SYM  I
      MOD  CONSOL
3000H SYM  MEMORY
2CF9H SYM  CURCONSOLIN
2D05H SYM  CURCONSOLOUT
2D11H SYM  COLDCONSOLIN
2D16H SYM  COLDCONSOLOUT
2D1BH SYM  COLDSTARTFLAG
2D1CH SYM  COLDCIDEV
2D1DH SYM  ALTCIDEV
0567H SYM  CONSOL
2D1EH SYM  INFILE
2D20H SYM  OUTFILE
2D22H SYM  TEMP
0565H SYM  TDRV
0006H SYM  INITIO
061BH SYM  WHOCON
2D23H SYM  AFTN
2D24H SYM  BUFFERLOC
2D26H SYM  NAMELOC
      MOD  DELETE
3000H SYM  MEMORY
065DH SYM  DLOKPN
2D28H SYM  I
066DH SYM  DEL
2D29H SYM  DISKNUM
0659H SYM  BLOCKNO
065BH SYM  BYTENO
2D2AH SYM  TEMP
072FH SYM  DELETE
2D2CH SYM  PATHNAME
      MOD  DISKIO
0844H SYM  @1
08D2H SYM  @10
094DH SYM  @11
08D8H SYM  @12
08EBH SYM  @13
0946H SYM  @14
08BBH SYM  @2
087BH SYM  @3
088CH SYM  @4
0897H SYM  @5
08ADH SYM  @6
0902H SYM  @7
0921H SYM  @8
0930H SYM  @9
0983H SYM  ABSCOM
0799H SYM  ABSDCB
0971H SYM  ABSIO
09A4H SYM  ABSRD
09A6H SYM  ABSRW
09BDH SYM  ABSWR
07D8H SYM  BLOCK
07DAH SYM  BUFFER
07D6H SYM  CMD
07D7H SYM  DISK
07D1H SYM  DISKHW
07DCH SYM  DISKIO
07A0H SYM  DKCFTB
07C8H SYM  DKCONT
07BEH SYM  DKCTTB
07CDH SYM  DRIVE
07D0H SYM  I
07CEH SYM  IOPB
07D4H SYM  IVAL
0794H SYM  RCALPB
07AAH SYM  RDYMSK
07D2H SYM  REALTK
07D5H SYM  SDDRV
07CAH SYM  SECTOR
07CBH SYM  TEMP
07CCH SYM  TEMP1
07CBH SYM  TEMP2
07C9H SYM  TRACK
079CH SYM  TSADR
07B4H SYM  UNITMP
      MOD  ERROR
0002H SYM  ABORT
000DH SYM  CR
0006H SYM  INITIO
000AH SYM  LF
0000H SYM  WARNIN
0A19H SYM  @1
0B47H SYM  @10
09E4H SYM  @11
0A3CH SYM  @12
0A35H SYM  @13
0A3EH SYM  @14
0A5FH SYM  @15
0A58H SYM  @16
0AF5H SYM  @17
0B0EH SYM  @18
0B07H SYM  @19
0A57H SYM  @2
0A58H SYM  @3
0B11H SYM  @4
0AF0H SYM  @5
0ABEH SYM  @6
0B1FH SYM  @7
0B4AH SYM  @8
0B31H SYM  @9
0B4BH SYM  ABORTX
09C7H SYM  BASE
09C8H SYM  BUFP
09CCH SYM  DIGIT
09CAH SYM  DIV
0A60H SYM  ERR
09C3H SYM  ERRTYP
09CEH SYM  I
09C4H SYM  IMAX
09CEH SYM  J
09D0H SYM  NUM
09CFH SYM  OFFSET
09C2H SYM  SEVERE
09C5H SYM  VALUE
0B51H SYM  WARN
2D32H SYM  CDKSAT
2D30H SYM  DTOGLE
2D5EH SYM  ERRDRV
2D31H SYM  GBLSEV
2D34H SYM  MSG1
2D62H SYM  MSG10
2D63H SYM  MSG11
2D66H SYM  MSG12
2D69H SYM  MSG13
2D6AH SYM  MSG14
2D3BH SYM  MSG2
2D3FH SYM  MSG3
2D48H SYM  MSG4
2D4CH SYM  MSG5
2D55H SYM  MSG6
2D59H SYM  MSG7
2D5FH SYM  MSG9
2D2EH SYM  PAD
      MOD  EXIT
3000H SYM  MEMORY
2D6FH SYM  CLI
0B57H SYM  CLSALL
2D7CH SYM  AFTSTART
2D7DH SYM  I
0B79H SYM  EXIT
000BH SYM  RETVEC
      MOD  GETATT
0BABH SYM  GETATT
      MOD  LOAD
3000H SYM  MEMORY
0BB8H SYM  LOAD
2D7EH SYM  PATHNAME
2D80H SYM  BIAS
2D82H SYM  RETSW
2D84H SYM  ENTRYP
2D86H SYM  AFTN
2D87H SYM  I
2D88H SYM  RETSWB
2D89H SYM  RECORD
2D8CH SYM  MODEND
2D8CH SYM  CONTENT
2D8CH SYM  CHECKSUM
2D90H SYM  ACTUAL
2D92H SYM  PAD
2D94H SYM  BLOCKNO
2D96H SYM  USERBOTTOM
2D98H SYM  BUFFERTOP
0DFBH SYM  BOUNDSTEST
2D9AH SYM  ADDR
2D9CH SYM  LEN
      MOD  OPEN
0002H SYM  ACCESS
0001H SYM  DEVICE
0EB7H SYM  @1
0FA2H SYM  @10
0FA2H SYM  @11
0FD7H SYM  @12
0FD4H SYM  @13
1004H SYM  @14
0FFEH SYM  @15
0FF0H SYM  @16
104EH SYM  @17
108EH SYM  @18
1086H SYM  @19
0EE0H SYM  @2
10C0H SYM  @20
1150H SYM  @21
1150H SYM  @22
1110H SYM  @23
1110H SYM  @24
1150H SYM  @25
1185H SYM  @26
0F6CH SYM  @27
0FA9H SYM  @28
0FA2H SYM  @29
0EE0H SYM  @3
10D6H SYM  @30
1117H SYM  @31
1110H SYM  @32
1131H SYM  @33
1150H SYM  @34
1149H SYM  @35
0EEBH SYM  @4
0EF3H SYM  @5
0F4CH SYM  @6
0F4CH SYM  @7
10C8H SYM  @8
0FA9H SYM  @9
11B3H SYM  AFTN
0E6AH SYM  DR2AFT
11B5H SYM  FOUND
11B7H SYM  I
11B8H SYM  IVAL
11B1H SYM  LINEDA
11AFH SYM  MODE
0E7DH SYM  OPEN
11ADH SYM  PATHNM
11B4H SYM  REQACC
1190H SYM  SUPACC
11B6H SYM  TEMP
11B9H SYM  TMPBUF
11BBH SYM  ZERO
      MOD  PATH
3000H SYM  MEMORY
11BDH SYM  DEVICENAMES
2D9EH SYM  PN
2DAAH SYM  PN2
1214H SYM  PATH
2DB6H SYM  PATHNAME
2DB8H SYM  PNP
2DBAH SYM  DEVNAME
2DBAH SYM  SECOND
2DBBH SYM  FIRST
2DBCH SYM  NULLNAME
2DBDH SYM  I
2DBEH SYM  IMAX
138AH SYM  TOUPPER
2DBFH SYM  CH
13ADH SYM  NONTERMINATE
13E3H SYM  PARSE
1422H SYM  XPATH
2DC0H SYM  P1
2DC2H SYM  P2
2DC4H SYM  STATUS
144BH SYM  UNPATH
2DC6H SYM  PATHNAMEP
2DC8H SYM  PNP
2DCAH SYM  I
2DCBH SYM  DEVNAME
151FH SYM  CKWRIP
152FH SYM  WDIREN
2DCDH SYM  I
1566H SYM  CKPNDF
2DCEH SYM  FILENAME
      MOD  RENAME
3000H SYM  MEMORY
158DH SYM  RENAME
2DD0H SYM  OLDFILE
2DD2H SYM  NEWFILE
2DD4H SYM  I
2DD5H SYM  ALREADYEXISTS
      MOD  RESCAN
3000H SYM  MEMORY
15E4H SYM  RESCAN
2DD6H SYM  AFTN
2DD7H SYM  TEMP
      MOD  RW
3000H SYM  MEMORY
1629H SYM  IOBYTEMASKS
1646H SYM  IOBYTEFLAGS
1663H SYM  DEVCLASS
1680H SYM  SPECIALCHARS
2DD9H SYM  COUNTDIFF
2DDBH SYM  EOFDIF
2DDCH SYM  ADPDIF
2DDDH SYM  DATAPP
2DDFH SYM  CREATE
2DE0H SYM  NEWPTRBLK
2DE2H SYM  IOSTAT
168AH SYM  CHKEOF
16B2H SYM  ADJUSTEOF
1749H SYM  RW
2DE3H SYM  AFTN
2DE4H SYM  BUFFER
2DE6H SYM  COUNT
2DE8H SYM  ACTUALP
2DEAH SYM  READING
2DEBH SYM  TEMP
2DEDH SYM  NONSECTORREQUEST
2DEEH SYM  WORKBUF
1A1BH SYM  NONDISKSELECT
1A3CH SYM  READ
2DF0H SYM  AFTN
2DF1H SYM  BUFFER
2DF3H SYM  COUNT
2DF5H SYM  ACTUALP
1AE8H SYM  DONE
1AF0H SYM  WRITE
2DF7H SYM  AFTN
2DF8H SYM  BUFFER
2DFAH SYM  COUNT
2DFCH SYM  ACTUAL
2DFEH SYM  I
1BDDH SYM  LINED
2DFFH SYM  AFTN
2E00H SYM  BUFFER
2E02H SYM  COUNT
2E04H SYM  ACTUALP
2E06H SYM  LBUF
2E08H SYM  INMODE
2E09H SYM  LITMODE
2E0AH SYM  LPTR
2E0BH SYM  CHAR
2E0CH SYM  I
2E0DH SYM  SELECTOR
1EACH SYM  ECHO
2E0EH SYM  CHAR
1EC6H SYM  ECHOCRLF
1ED1H SYM  LINERESET
      MOD  SEEK
3000H SYM  MEMORY
1EDCH SYM  SAVEDATABLK
1EFBH SYM  SAVEPOINTERBLOCK
1F21H SYM  REWIND
1F64H SYM  SEEK
2E0FH SYM  AFTN
2E10H SYM  MODE
2E12H SYM  BLOCKPTR
2E14H SYM  BYTEPTR
2E10H SYM  LOWMODE
2E16H SYM  PLUSMINUS
2E18H SYM  ORIGBYTE
2E18H SYM  LOBYTE
2E1AH SYM  BLOCKNO
2E1CH SYM  TEMP
2E1EH SYM  FORWARD
225FH SYM  ERROR
      MOD  ALLOC
3000H SYM  MEMORY
2E1FH SYM  TRACKSTABLE
2E29H SYM  SECTORSTABLE
2E33H SYM  BITMAPBUFFER
2EB3H SYM  CURRENTBITMAP
2EB4H SYM  MAPCHANGE
2EB5H SYM  BASETRACKSECTOR
2EB5H SYM  BASESECTOR
2EB6H SYM  BASETRACK
2EB7H SYM  BITMAPINDEX
2EB7H SYM  LOWBITMAPINDEX
2EB9H SYM  MAPDCB
2EC0H SYM  CURRENTPART
2EC1H SYM  BASEPART
2EC2H SYM  NEXTPART
2EC3H SYM  BITMAPBYTEP
2EC3H SYM  LOWBITMAPBYTEP
2EC4H SYM  HIGHBITMAPBYTEP
2EC5H SYM  BITMAPBIT
2EC6H SYM  COMMAND
2EC7H SYM  DISK
2EC8H SYM  TRACKSPERDISK
2EC9H SYM  SECTORSPERTRACK
2287H SYM  MAPIO
22A9H SYM  MAPWRI
2ECAH SYM  DISKNUM
22C9H SYM  MAPREAD
2ECBH SYM  TEMP
2327H SYM  SETNUMSECTTRK
2342H SYM  GETBLK
2ECCH SYM  DISKNUM
2ECDH SYM  TRACKSECTOR
2ECDH SYM  SECTOR
2ECEH SYM  TRACK
2449H SYM  FULL
244FH SYM  FREEBLOCK
2ECFH SYM  DISKNUM
2ED0H SYM  TRACKSECTOR
2ED0H SYM  SECTOR
2ED1H SYM  TRACK
2ED2H SYM  TEMP
      MOD  BUFFER
3000H SYM  MEMORY
2ED3H SYM  BUFFERTABLE
2EE6H SYM  I
24E9H SYM  CLRBUF
2EE7H SYM  BUFADDRESS
2511H SYM  RETURNBUF
2EE9H SYM  BUFADDRESS
252CH SYM  GETBUF
2570H SYM  PACKAFTBUF
2EEBH SYM  I
2EECH SYM  J
2EEDH SYM  INDEX
2EEEH SYM  BUFFERTOP
2EF0H SYM  BPTR
2EF2H SYM  NEWBADR
2EF4H SYM  OLDBADR
      MOD  MODULE
26A6H SYM  SULOOP
2698H SYM  SYSUSR
26B3H SYM  UPDBUF
268BH SYM  USLOOP
267DH SYM  USRSYS
      MOD  DIRECT
3000H SYM  MEMORY
2EF6H SYM  FNDFRE
2EF7H SYM  INOPTR
2EF9H SYM  DIRPTR
2EFBH SYM  DIRECT
2F0BH SYM  DIRINO
26BBH SYM  DIRCLOSE
2F0DH SYM  AFTN
26DEH SYM  DLOOK
2F0EH SYM  FN
26B9H SYM  BLOCKNO
2F10H SYM  RCOUNT
2F11H SYM  BYTENO
2F13H SYM  I
2F14H SYM  AFTN
2F15H SYM  RETURNVALUE
277DH SYM  DONE
      MOD  MODULE
0078H SYM  BASE1
0088H SYM  BASE2
0068H SYM  BASEHD
0001H SYM  CONT1
0002H SYM  CONT2
0004H SYM  CONTHD
0003H SYM  CONTIN
00FFH SYM  CPUC
000DH SYM  DISABL
0005H SYM  ENABL
0004H SYM  F0
0002H SYM  FORMAT
0002H SYM  IBF
00C1H SYM  IOCC
F841H SYM  IOCCOM
F821H SYM  IOCDR1
F844H SYM  IOCDR2
00C0H SYM  IOCI
00C0H SYM  IOCO
00C1H SYM  IOCS
0000H SYM  NOCONT
0001H SYM  OBF
0019H SYM  RDBC
001AH SYM  RDCC
001CH SYM  RDSTS
0004H SYM  READ
0003H SYM  RECAL
001BH SYM  RRSTS
0001H SYM  SEEK
0005H SYM  VERIFY
0017H SYM  WDBC
0018H SYM  WDCC
0015H SYM  WPBC
0016H SYM  WPCC
0006H SYM  WRITE
0007H SYM  WRITED
2819H SYM  BYTEHD
27D0H SYM  DKST1
27D8H SYM  DKST2
27BBH SYM  DKSTAT
28D9H SYM  IOCRDY
288CH SYM  ISD1
289BH SYM  ISD2
28A9H SYM  ISD2A
28ABH SYM  ISD2B
28D4H SYM  ISD3
2853H SYM  ISDDR
27FBH SYM  RBYTE
280EH SYM  RBYTE1
2816H SYM  RBYTE2
2870H SYM  RDLP1
2872H SYM  RDLP2
27DEH SYM  RTYPE
27DBH SYM  STATHD
282DH SYM  STRT1
283BH SYM  STRT2
2844H SYM  STRTHD
281CH SYM  STRTIO
28E1H SYM  TRIOPB
28E9H SYM  TRLOOP
28F4H SYM  TRWAIT
27EDH SYM  TYPE1
27F5H SYM  TYPE2
27F8H SYM  TYPEHD
284AH SYM  WAIT
28BDH SYM  WRLP1
28C0H SYM  WRLP2
      MOD  MODULE
28FDH SYM  TRAP
      MOD  MODULE
00FFH SYM  FREE
0000H SYM  OPEN
007FH SYM  UNUSED
295AH SYM  CHK1ST
2918H SYM  CMPNAM
292EH SYM  CPYDIR
2901H SYM  DATUM
2908H SYM  DLOOP
2903H SYM  DNUM
2905H SYM  FNDDIR
2943H SYM  NOMAT
2963H SYM  SETINO
293CH SYM  SKIP
      MOD  MODULE
2972H SYM  MEMCK
